// Jest Snapshot v1, https://goo.gl/fbAQLP

exports[`<ArticleList /> matches the snapshot 1`] = `
ShallowWrapper {
  Symbol(enzyme.__root__): [Circular],
  Symbol(enzyme.__unrendered__): <ArticleList />,
  Symbol(enzyme.__renderer__): Object {
    "batchedUpdates": [Function],
    "getNode": [Function],
    "render": [Function],
    "simulateError": [Function],
    "simulateEvent": [Function],
    "unmount": [Function],
  },
  Symbol(enzyme.__node__): Object {
    "instance": null,
    "key": undefined,
    "nodeType": "host",
    "props": Object {
      "children": Array [
        <article>
          <ArticlePreview
            headline="Title1"
            id={0}
            image="Img1"
            url="Url1"
          />
        </article>,
        <article>
          <ArticlePreview
            headline="Title2"
            id={1}
            image="Img2"
            url="Url2"
          />
        </article>,
        <article>
          <ArticlePreview
            headline="Title3"
            id={2}
            image="Img3"
            url="Url3"
          />
        </article>,
      ],
      "id": "article-list",
    },
    "ref": null,
    "rendered": Array [
      Object {
        "instance": null,
        "key": "0",
        "nodeType": "host",
        "props": Object {
          "children": <ArticlePreview
            headline="Title1"
            id={0}
            image="Img1"
            url="Url1"
          />,
        },
        "ref": null,
        "rendered": Object {
          "instance": null,
          "key": undefined,
          "nodeType": "class",
          "props": Object {
            "headline": "Title1",
            "id": 0,
            "image": "Img1",
            "url": "Url1",
          },
          "ref": null,
          "rendered": null,
          "type": [Function],
        },
        "type": "article",
      },
      Object {
        "instance": null,
        "key": "1",
        "nodeType": "host",
        "props": Object {
          "children": <ArticlePreview
            headline="Title2"
            id={1}
            image="Img2"
            url="Url2"
          />,
        },
        "ref": null,
        "rendered": Object {
          "instance": null,
          "key": undefined,
          "nodeType": "class",
          "props": Object {
            "headline": "Title2",
            "id": 1,
            "image": "Img2",
            "url": "Url2",
          },
          "ref": null,
          "rendered": null,
          "type": [Function],
        },
        "type": "article",
      },
      Object {
        "instance": null,
        "key": "2",
        "nodeType": "host",
        "props": Object {
          "children": <ArticlePreview
            headline="Title3"
            id={2}
            image="Img3"
            url="Url3"
          />,
        },
        "ref": null,
        "rendered": Object {
          "instance": null,
          "key": undefined,
          "nodeType": "class",
          "props": Object {
            "headline": "Title3",
            "id": 2,
            "image": "Img3",
            "url": "Url3",
          },
          "ref": null,
          "rendered": null,
          "type": [Function],
        },
        "type": "article",
      },
    ],
    "type": "div",
  },
  Symbol(enzyme.__nodes__): Array [
    Object {
      "instance": null,
      "key": undefined,
      "nodeType": "host",
      "props": Object {
        "children": Array [
          <article>
            <ArticlePreview
              headline="Title1"
              id={0}
              image="Img1"
              url="Url1"
            />
          </article>,
          <article>
            <ArticlePreview
              headline="Title2"
              id={1}
              image="Img2"
              url="Url2"
            />
          </article>,
          <article>
            <ArticlePreview
              headline="Title3"
              id={2}
              image="Img3"
              url="Url3"
            />
          </article>,
        ],
        "id": "article-list",
      },
      "ref": null,
      "rendered": Array [
        Object {
          "instance": null,
          "key": "0",
          "nodeType": "host",
          "props": Object {
            "children": <ArticlePreview
              headline="Title1"
              id={0}
              image="Img1"
              url="Url1"
            />,
          },
          "ref": null,
          "rendered": Object {
            "instance": null,
            "key": undefined,
            "nodeType": "class",
            "props": Object {
              "headline": "Title1",
              "id": 0,
              "image": "Img1",
              "url": "Url1",
            },
            "ref": null,
            "rendered": null,
            "type": [Function],
          },
          "type": "article",
        },
        Object {
          "instance": null,
          "key": "1",
          "nodeType": "host",
          "props": Object {
            "children": <ArticlePreview
              headline="Title2"
              id={1}
              image="Img2"
              url="Url2"
            />,
          },
          "ref": null,
          "rendered": Object {
            "instance": null,
            "key": undefined,
            "nodeType": "class",
            "props": Object {
              "headline": "Title2",
              "id": 1,
              "image": "Img2",
              "url": "Url2",
            },
            "ref": null,
            "rendered": null,
            "type": [Function],
          },
          "type": "article",
        },
        Object {
          "instance": null,
          "key": "2",
          "nodeType": "host",
          "props": Object {
            "children": <ArticlePreview
              headline="Title3"
              id={2}
              image="Img3"
              url="Url3"
            />,
          },
          "ref": null,
          "rendered": Object {
            "instance": null,
            "key": undefined,
            "nodeType": "class",
            "props": Object {
              "headline": "Title3",
              "id": 2,
              "image": "Img3",
              "url": "Url3",
            },
            "ref": null,
            "rendered": null,
            "type": [Function],
          },
          "type": "article",
        },
      ],
      "type": "div",
    },
  ],
  Symbol(enzyme.__options__): Object {
    "adapter": ReactSixteenAdapter {
      "options": Object {
        "enableComponentDidUpdateOnSetState": true,
        "lifecycles": Object {
          "componentDidUpdate": Object {
            "onSetState": true,
          },
          "getDerivedStateFromProps": true,
          "getSnapshotBeforeUpdate": true,
          "setState": Object {
            "skipsComponentDidUpdateOnNullish": true,
          },
        },
      },
    },
  },
}
`;
