// Jest Snapshot v1, https://goo.gl/fbAQLP

exports[`<ArticleSummary /> matches the snapshot 1`] = `
ShallowWrapper {
  Symbol(enzyme.__root__): [Circular],
  Symbol(enzyme.__unrendered__): <ArticleSummary
    location={
      Object {
        "state": Object {
          "headline": "TestHeadline",
          "id": 0,
          "url": "TestUrl",
        },
      }
    }
  />,
  Symbol(enzyme.__renderer__): Object {
    "batchedUpdates": [Function],
    "getNode": [Function],
    "render": [Function],
    "simulateError": [Function],
    "simulateEvent": [Function],
    "unmount": [Function],
  },
  Symbol(enzyme.__node__): Object {
    "instance": null,
    "key": undefined,
    "nodeType": "host",
    "props": Object {
      "children": "TestHeadline",
      "className": "summary-headline",
      "href": "TestUrl",
    },
    "ref": null,
    "rendered": "TestHeadline",
    "type": "a",
  },
  Symbol(enzyme.__nodes__): Array [
    Object {
      "instance": null,
      "key": undefined,
      "nodeType": "host",
      "props": Object {
        "children": "TestHeadline",
        "className": "summary-headline",
        "href": "TestUrl",
      },
      "ref": null,
      "rendered": "TestHeadline",
      "type": "a",
    },
  ],
  Symbol(enzyme.__options__): Object {
    "adapter": ReactSixteenAdapter {
      "options": Object {
        "enableComponentDidUpdateOnSetState": true,
        "lifecycles": Object {
          "componentDidUpdate": Object {
            "onSetState": true,
          },
          "getDerivedStateFromProps": true,
          "getSnapshotBeforeUpdate": true,
          "setState": Object {
            "skipsComponentDidUpdateOnNullish": true,
          },
        },
      },
    },
  },
}
`;
