// Jest Snapshot v1, https://goo.gl/fbAQLP

exports[`<ArticlePreview /> matches the snapshot 1`] = `
ShallowWrapper {
  Symbol(enzyme.__root__): [Circular],
  Symbol(enzyme.__unrendered__): <ArticlePreview
    headline="TestHeadline"
    id={0}
    imageUrl="TestThumbnailUrl"
    url="TestUrl"
  />,
  Symbol(enzyme.__renderer__): Object {
    "batchedUpdates": [Function],
    "getNode": [Function],
    "render": [Function],
    "simulateError": [Function],
    "simulateEvent": [Function],
    "unmount": [Function],
  },
  Symbol(enzyme.__node__): Object {
    "instance": null,
    "key": undefined,
    "nodeType": "host",
    "props": Object {
      "children": Array [
        <ArticleImage
          imageUrl="TestThumbnailUrl"
        />,
        <Headline
          headline="TestHeadline"
          id={0}
          url="TestUrl"
        />,
      ],
      "className": "article-preview",
    },
    "ref": null,
    "rendered": Array [
      Object {
        "instance": null,
        "key": undefined,
        "nodeType": "function",
        "props": Object {
          "imageUrl": "TestThumbnailUrl",
        },
        "ref": null,
        "rendered": null,
        "type": [Function],
      },
      Object {
        "instance": null,
        "key": undefined,
        "nodeType": "function",
        "props": Object {
          "headline": "TestHeadline",
          "id": 0,
          "url": "TestUrl",
        },
        "ref": null,
        "rendered": null,
        "type": [Function],
      },
    ],
    "type": "div",
  },
  Symbol(enzyme.__nodes__): Array [
    Object {
      "instance": null,
      "key": undefined,
      "nodeType": "host",
      "props": Object {
        "children": Array [
          <ArticleImage
            imageUrl="TestThumbnailUrl"
          />,
          <Headline
            headline="TestHeadline"
            id={0}
            url="TestUrl"
          />,
        ],
        "className": "article-preview",
      },
      "ref": null,
      "rendered": Array [
        Object {
          "instance": null,
          "key": undefined,
          "nodeType": "function",
          "props": Object {
            "imageUrl": "TestThumbnailUrl",
          },
          "ref": null,
          "rendered": null,
          "type": [Function],
        },
        Object {
          "instance": null,
          "key": undefined,
          "nodeType": "function",
          "props": Object {
            "headline": "TestHeadline",
            "id": 0,
            "url": "TestUrl",
          },
          "ref": null,
          "rendered": null,
          "type": [Function],
        },
      ],
      "type": "div",
    },
  ],
  Symbol(enzyme.__options__): Object {
    "adapter": ReactSixteenAdapter {
      "options": Object {
        "enableComponentDidUpdateOnSetState": true,
        "lifecycles": Object {
          "componentDidUpdate": Object {
            "onSetState": true,
          },
          "getDerivedStateFromProps": true,
          "getSnapshotBeforeUpdate": true,
          "setState": Object {
            "skipsComponentDidUpdateOnNullish": true,
          },
        },
      },
    },
  },
}
`;
